** Drc report for C:\Users\Jonas\Desktop\Studium\Bachelor Elektrotechnik\BA\Bachelorarbeit\board\controller\controller.kicad_pcb **
** Created on  **

** Found 31 DRC errors **
ErrType(19): Pad zu nach an Pad
    @(71,690 mm, 61,530 mm): Pad 1 auf U4 von F.Cu und andere
    @(71,690 mm, 62,330 mm): Pad 2 auf U4 von F.Cu und andere
ErrType(19): Pad zu nach an Pad
    @(71,690 mm, 62,330 mm): Pad 2 auf U4 von F.Cu und andere
    @(71,690 mm, 63,130 mm): Pad 3 auf U4 von F.Cu und andere
ErrType(19): Pad zu nach an Pad
    @(71,690 mm, 63,130 mm): Pad 3 auf U4 von F.Cu und andere
    @(71,690 mm, 63,930 mm): Pad 4 auf U4 von F.Cu und andere
ErrType(19): Pad zu nach an Pad
    @(71,690 mm, 63,930 mm): Pad 4 auf U4 von F.Cu und andere
    @(71,690 mm, 64,730 mm): Pad 5 auf U4 von F.Cu und andere
ErrType(19): Pad zu nach an Pad
    @(71,690 mm, 64,730 mm): Pad 5 auf U4 von F.Cu und andere
    @(71,690 mm, 65,530 mm): Pad 6 auf U4 von F.Cu und andere
ErrType(19): Pad zu nach an Pad
    @(71,690 mm, 65,530 mm): Pad 6 auf U4 von F.Cu und andere
    @(71,690 mm, 66,330 mm): Pad 7 auf U4 von F.Cu und andere
ErrType(19): Pad zu nach an Pad
    @(71,690 mm, 66,330 mm): Pad 7 auf U4 von F.Cu und andere
    @(71,690 mm, 67,130 mm): Pad 8 auf U4 von F.Cu und andere
ErrType(19): Pad zu nach an Pad
    @(73,140 mm, 60,080 mm): Pad 32 auf U4 von F.Cu und andere
    @(73,940 mm, 60,080 mm): Pad 31 auf U4 von F.Cu und andere
ErrType(19): Pad zu nach an Pad
    @(73,140 mm, 68,580 mm): Pad 9 auf U4 von F.Cu und andere
    @(73,940 mm, 68,580 mm): Pad 10 auf U4 von F.Cu und andere
ErrType(19): Pad zu nach an Pad
    @(73,940 mm, 60,080 mm): Pad 31 auf U4 von F.Cu und andere
    @(74,740 mm, 60,080 mm): Pad 30 auf U4 von F.Cu und andere
ErrType(19): Pad zu nach an Pad
    @(73,940 mm, 68,580 mm): Pad 10 auf U4 von F.Cu und andere
    @(74,740 mm, 68,580 mm): Pad 11 auf U4 von F.Cu und andere
ErrType(19): Pad zu nach an Pad
    @(74,740 mm, 60,080 mm): Pad 30 auf U4 von F.Cu und andere
    @(75,540 mm, 60,080 mm): Pad 29 auf U4 von F.Cu und andere
ErrType(19): Pad zu nach an Pad
    @(74,740 mm, 68,580 mm): Pad 11 auf U4 von F.Cu und andere
    @(75,540 mm, 68,580 mm): Pad 12 auf U4 von F.Cu und andere
ErrType(19): Pad zu nach an Pad
    @(75,540 mm, 60,080 mm): Pad 29 auf U4 von F.Cu und andere
    @(76,340 mm, 60,080 mm): Pad 28 auf U4 von F.Cu und andere
ErrType(19): Pad zu nach an Pad
    @(75,540 mm, 68,580 mm): Pad 12 auf U4 von F.Cu und andere
    @(76,340 mm, 68,580 mm): Pad 13 auf U4 von F.Cu und andere
ErrType(19): Pad zu nach an Pad
    @(76,340 mm, 60,080 mm): Pad 28 auf U4 von F.Cu und andere
    @(77,140 mm, 60,080 mm): Pad 27 auf U4 von F.Cu und andere
ErrType(19): Pad zu nach an Pad
    @(76,340 mm, 68,580 mm): Pad 13 auf U4 von F.Cu und andere
    @(77,140 mm, 68,580 mm): Pad 14 auf U4 von F.Cu und andere
ErrType(19): Pad zu nach an Pad
    @(77,140 mm, 60,080 mm): Pad 27 auf U4 von F.Cu und andere
    @(77,940 mm, 60,080 mm): Pad 26 auf U4 von F.Cu und andere
ErrType(19): Pad zu nach an Pad
    @(77,140 mm, 68,580 mm): Pad 14 auf U4 von F.Cu und andere
    @(77,940 mm, 68,580 mm): Pad 15 auf U4 von F.Cu und andere
ErrType(19): Pad zu nach an Pad
    @(77,940 mm, 60,080 mm): Pad 26 auf U4 von F.Cu und andere
    @(78,740 mm, 60,080 mm): Pad 25 auf U4 von F.Cu und andere
ErrType(19): Pad zu nach an Pad
    @(77,940 mm, 68,580 mm): Pad 15 auf U4 von F.Cu und andere
    @(78,740 mm, 68,580 mm): Pad 16 auf U4 von F.Cu und andere
ErrType(19): Pad zu nach an Pad
    @(80,190 mm, 61,530 mm): Pad 24 auf U4 von F.Cu und andere
    @(80,190 mm, 62,330 mm): Pad 23 auf U4 von F.Cu und andere
ErrType(19): Pad zu nach an Pad
    @(80,190 mm, 62,330 mm): Pad 23 auf U4 von F.Cu und andere
    @(80,190 mm, 63,130 mm): Pad 22 auf U4 von F.Cu und andere
ErrType(19): Pad zu nach an Pad
    @(80,190 mm, 63,130 mm): Pad 22 auf U4 von F.Cu und andere
    @(80,190 mm, 63,930 mm): Pad 21 auf U4 von F.Cu und andere
ErrType(19): Pad zu nach an Pad
    @(80,190 mm, 63,930 mm): Pad 21 auf U4 von F.Cu und andere
    @(80,190 mm, 64,730 mm): Pad 20 auf U4 von F.Cu und andere
ErrType(19): Pad zu nach an Pad
    @(80,190 mm, 64,730 mm): Pad 20 auf U4 von F.Cu und andere
    @(80,190 mm, 65,530 mm): Pad 19 auf U4 von F.Cu und andere
ErrType(19): Pad zu nach an Pad
    @(80,190 mm, 65,530 mm): Pad 19 auf U4 von F.Cu und andere
    @(80,190 mm, 66,330 mm): Pad 18 auf U4 von F.Cu und andere
ErrType(19): Pad zu nach an Pad
    @(80,190 mm, 66,330 mm): Pad 18 auf U4 von F.Cu und andere
    @(80,190 mm, 67,130 mm): Pad 17 auf U4 von F.Cu und andere
ErrType(45): Footprint Umriss Überschneidung
    @(66,040 mm, 131,000 mm): Footprint H** auf F.Cu
    @(108,500 mm, 119,400 mm): Footprint H** auf F.Cu
ErrType(45): Footprint Umriss Überschneidung
    @(66,040 mm, 131,000 mm): Footprint H** auf F.Cu
    @(82,550 mm, 125,600 mm): Footprint U2 auf F.Cu
ErrType(45): Footprint Umriss Überschneidung
    @(108,500 mm, 119,400 mm): Footprint H** auf F.Cu
    @(117,400 mm, 124,800 mm): Footprint U3 auf F.Cu

** Found 1 unconnected pads **
ErrType(2): Nicht verbundene Elemente
    @(123,750 mm, 128,500 mm): Pad 6 auf U3 von Alle Kupferlagen
    @(76,200 mm, 121,900 mm): Leiterbahn 2,000 mm [+VDC] auf B.Cu, Länge: 0,400 mm

** End of Report **
